‹Ÿ_ ÿTEST-com.example.myapplication.ExampleUnitTest.xml app/build/test-results/testDebugUnitTest/TEST-com.example.myapplication.ExampleUnitTest.xml ”PËNÃ@¼ç+–½oº	¥U’ª*ğé©ªĞjãÂBö!ÛAíß£6 õÀ…›Ç3öŒ]¯O~_€äbhd‘k) ØØ»ğÖÈ]÷¢*¹n³š˜FÇ ‚ñĞH}'ãÓ ¹?›”g»òç©»; –â:ÚÈB
út)AßH-ÅÑ¸aD + ÄˆSÉÎ±ñ©‘¥.µ*
¥‹®x\Í«Õ}%Å{$"à Òår	FUÂø–UYTåÃ|Q*ƒ!°úYÜHk½m&D0&@v@³+¾ä´†~/4}ïØÅğêhÁ²v0DÿÀódEgbğ*ÜÖwûíÓ¦Ûì‡¶İ7:@ü[w!²zÆ@L£ch³o   ÿÿ 2@ÙĞ  